  Determinando los proyectos que se van a restaurar...
  Se ha restaurado C:\Users\andre\Desktop\DSM\MakerSpace\MakerSpace.csproj (en 109 ms).
  Se ha restaurado C:\Users\andre\Desktop\DSM\MakerSpace\ApplicationCore\ApplicationCore.csproj (en 109 ms).
  Se ha restaurado C:\Users\andre\Desktop\DSM\MakerSpace\Infrastructure\Infrastructure.csproj (en 360 ms).
  Se ha restaurado C:\Users\andre\Desktop\DSM\MakerSpace\InitializeDb\InitializeDb.csproj (en 360 ms).
  ApplicationCore -> C:\Users\andre\Desktop\DSM\MakerSpace\ApplicationCore\bin\Debug\net8.0\ApplicationCore.dll
  Infrastructure -> C:\Users\andre\Desktop\DSM\MakerSpace\Infrastructure\bin\Debug\net8.0\Infrastructure.dll
  MakerSpace -> C:\Users\andre\Desktop\DSM\MakerSpace\bin\Debug\net8.0\MakerSpace.dll
  InitializeDb -> C:\Users\andre\Desktop\DSM\MakerSpace\InitializeDb\bin\Debug\net8.0\InitializeDb.dll

Compilaci├│n correcta.
    0 Advertencia(s)
    0 Errores

Tiempo transcurrido 00:00:02.11
